Sharanya Datrange
______________________________________________________________________

Asus@Asus-PC MINGW64 ~/OneDrive/Desktop/JoshAsg1 (master)
$ cat ~/.bash_history
git -v
git init
git remote add origin git@github.com:SharanyaSD/JoshAssignment1.git
git branch feature1
git branch test
git remove origin
git remote remove origin
git init
git remote add origin git@github.com:SharanyaSD/JoshAssignment1.git
git branch feature1
git remote
nano test1.txt
git status
git add.
git add .
git commit
git branch b1
git push origin master
git checkout b1
nano test1.txt
git commit
git push origin b1
git status
git checkout b2
git branch b2
git checkout b2
nano test2.txt
git push origin b2
nano test2.txt
git commit
git push origin b2
nano test2.txt
git add .
git commit
git status
git push origin b2
git branch -a
git branch
git checkout master
git merge b2
git status
git stash
git checkout b1
nano test3.txt
git status
git add .
git status
git commit
git commit -m "saving test 3"
git status
git push origin b1
git merge b1
git merge b2
nano test3.txt
git stash
git status
nano test3.txt
git status
git commit -m "saved"
git reset --soft HEAD~
git status
nano test3.txt
nano test3.txt
git commit -m "trying"
git reset --hard HEAD~
nano test3.txt
git checkout master
git diff test3.txt
git diff b1

Asus@Asus-PC MINGW64 ~/OneDrive/Desktop/JoshAsg1 (master)
$ git diff b1 b2
diff --git a/test1.txt b/test1.txt
index dc2dfea..e71db5f 100644
index dc2dfea..e71db5f 100644
--- a/test1.txt
+++ b/test1.txt
@@ -1 +1,4 @@
 oeoofksncjhid
+
+doing the assignments
+
diff --git a/test2.txt b/test2.txt
new file mode 100644
index 0000000..c8dcb18
--- /dev/null
+++ b/test2.txt
@@ -0,0 +1,2 @@
+testing in branch 2 - feature 2 -- stage
+
diff --git a/test3.txt b/test3.txt
deleted file mode 100644
index e2d146f..0000000
--- a/test3.txt
+++ /dev/null
@@ -1,2 +0,0 @@
-this is file 2 in branch b1
-
set mark: ...skipping...
diff --git a/test1.txt b/test1.txt
index dc2dfea..e71db5f 100644
--- a/test1.txt
+++ b/test1.txt
@@ -1 +1,4 @@
 oeoofksncjhid
+
+doing the assignments
+
diff --git a/test2.txt b/test2.txt
new file mode 100644
index 0000000..c8dcb18
--- /dev/null
+++ b/test2.txt
@@ -0,0 +1,2 @@
+testing in branch 2 - feature 2 -- stage
+
diff --git a/test3.txt b/test3.txt
deleted file mode 100644
index e2d146f..0000000
--- a/test3.txt
+++ /dev/null
@@ -1,2 +0,0 @@


Asus@Asus-PC MINGW64 ~/OneDrive/Desktop/JoshAsg1 (master)
$ git branch
  b1
  b2
* master

Asus@Asus-PC MINGW64 ~/OneDrive/Desktop/JoshAsg1 (master)
$ git branch -d b1
error: the branch 'b1' is not fully merged.
If you are sure you want to delete it, run 'git branch -D b1'

Asus@Asus-PC MINGW64 ~/OneDrive/Desktop/JoshAsg1 (master)
$ git branch -d b2
Deleted branch b2 (was fcbc3c7).


